Homo_sapiens
Mus_musculus
Macaca_mulatta
Rattus_norvegicus
Bos_taurus
Pan_troglodytes
Canis_lupus_familiaris
Equus_caballus
Chlorocebus_sabaeus
Macaca_fascicularis
Nomascus_leucogenys
Sus_scrofa
Mustela_putorius_furo
Felis_catus
Castor_canadensis
Camelus_ferus
Mesocricetus_auratus
Ailuropoda_melanoleuca
Callithrix_jacchus
Gracilinanus_agilis
Monodelphis_domestica
Dromiciops_gliroides
Antechinus_flavipes
Phascolarctos_cinereus
Trichosurus_vulpecula
Vombatus_ursinus
Ochotona_curzoniae
Ochotona_princeps
Oryctolagus_cuniculus
Perognathus_longimembris_pacificus
Dipodomys_spectabilis
Mus_caroli
Mus_pahari
Apodemus_sylvaticus
Peromyscus_maniculatus_bairdii
Peromyscus_californicus_insignis
Jaculus_jaculus
Psammomys_obesus
Acomys_russatus
Rattus_rattus
Grammomys_surdaster
Mastomys_coucha
Arvicanthis_niloticus
Nannospalax_galili
Cricetulus_griseus
Phodopus_roborovskii
Peromyscus_leucopus
Peromyscus_eremicus
Onychomys_torridus
Arvicola_amphibius
Microtus_fortis
Microtus_oregoni
Microtus_ochrogaster
Chionomys_nivalis
Cavia_porcellus
Chinchilla_lanigera
Heterocephalus_glaber
Fukomys_damarensis
Marmota_marmota_marmota
Ictidomys_tridecemlineatus
Urocitellus_parryii
Marmota_flaviventris
Marmota_monax
Sciurus_carolinensis
Odobenus_rosmarus_divergens
Meles_meles
Lontra_canadensis
Lutra_lutra
Neogale_vison
Mustela_erminea
Mustela_nigripes
Mustela_lutreola
Acinonyx_jubatus
Lynx_canadensis
Lynx_rufus
Puma_yagouaroundi
Puma_concolor
Prionailurus_bengalensis
Prionailurus_viverrinus
Leopardus_geoffroyi
Neofelis_nebulosa
Panthera_uncia
Panthera_leo
Panthera_pardus
Panthera_tigris
Callorhinus_ursinus
Eumetopias_jubatus
Zalophus_californianus
Neomonachus_schauinslandi
Halichoerus_grypus
Leptonychotes_weddellii
Mirounga_leonina
Mirounga_angustirostris
Phoca_vitulina
Canis_lupus_dingo
Hyaena_hyaena
Suricata_suricatta
Nyctereutes_procyonoides
Vulpes_lagopus
Vulpes_vulpes
Ursus_maritimus
Ursus_americanus
Ursus_arctos
Bison_bison_bison
Hippopotamus_amphibius_kiboko
Cervus_canadensis
Cervus_elaphus
Odocoileus_virginianus_texanus
Bos_indicus_x_Bos_taurus
Bos_mutus
Bos_indicus
Bubalus_carabanensis
Bubalus_bubalis
Oryx_dammah
Budorcas_taxicolor
Capra_hircus
Moschus_berezovskii
Phacochoerus_africanus
Vicugna_pacos
Camelus_bactrianus
Camelus_dromedarius
Neophocaena_asiaeorientalis_asiaeorientalis
Lipotes_vexillifer
Lagenorhynchus_albirostris
Lagenorhynchus_obliquidens
Delphinus_delphis
Orcinus_orca
Tursiops_truncatus
Phocoena_sinus
Monodon_monoceros
Delphinapterus_leucas
Kogia_breviceps
Physeter_catodon
Mesoplodon_densirostris
Balaenoptera_ricei
Balaenoptera_acutorostrata
Balaenoptera_musculus
Suncus_etruscus
Sorex_araneus
Sorex_fumeus
Condylura_cristata
Talpa_occidentalis
Pteropus_vampyrus
Pteropus_giganteus
Rousettus_aegyptiacus
Rhinolophus_ferrumequinum
Pteronotus_parnellii_mesoamericanus
Sturnira_hondurensis
Artibeus_jamaicensis
Desmodus_rotundus
Phyllostomus_discolor
Phyllostomus_hastatus
Miniopterus_natalensis
Hipposideros_armiger
Pipistrellus_kuhlii
Eptesicus_fuscus
Myotis_brandtii
Myotis_davidii
Myotis_myotis
Myotis_lucifugus
Myotis_daubentonii
Molossus_molossus
Diceros_bicornis_minor
Equus_asinus
Equus_przewalskii
Manis_pentadactyla
Manis_javanica
Galeopterus_variegatus
Tupaia_chinensis
Macaca_thibetana_thibetana
Colobus_angolensis_palliatus
Cercocebus_atys
Macaca_nemestrina
Papio_anubis
Theropithecus_gelada
Mandrillus_leucophaeus
Trachypithecus_francoisi
Rhinopithecus_bieti
Rhinopithecus_roxellana
Piliocolobus_tephrosceles
Gorilla_gorilla_gorilla
Pan_paniscus
Pongo_pygmaeus
Pongo_abelii
Symphalangus_syndactylus
Hylobates_moloch
Saimiri_boliviensis_boliviensis
Sapajus_apella
Aotus_nancymaae
Carlito_syrichta
Propithecus_coquereli
Microcebus_murinus
Lemur_catta
Otolemur_garnettii
Nycticebus_coucang
Elephas_maximus_indicus
Orycteropus_afer_afer
Elephantulus_edwardii
Echinops_telfairi
Chrysochloris_asiatica
Loxodonta_africana
Choloepus_didactylus
Dasypus_novemcinctus
Ornithorhynchus_anatinus
Tachyglossus_aculeatus
Meriones_unguiculatus
Panthera_onca
Ovis_aries
Globicephala_melas
Erinaceus_europaeus
Equus_quagga
Cebus_imitator
Enhydra_lutris_kenyoni
Ceratotherium_simum_simum
Trichechus_manatus_latirostris
