Accipiter_gentilis
Anas_platyrhynchos
Anser_cygnoides
Antrostomus_carolinensis
Aptenodytes_forsteri
Apteryx_mantelli
Apteryx_rowi
Aquila_chrysaetos
Athene_cunicularia
Aythya_fuligula
Balearica_regulorum
Calidris_pugnax
Cariama_cristata
Charadrius_vociferus
Colius_striatus
Cygnus_olor
Dromaius_novaehollandiae
Egretta_garzetta
Eurypyga_helias
Falco_biarmicus
Falco_cherrug
Falco_naumanni
Falco_peregrinus
Falco_rusticolus
Fulmarus_glacialis
Gavia_stellata
Grus_americana
Gymnogyps_californianus
Haliaeetus_albicilla
Haliaeetus_leucocephalus
Harpia_harpyja
Leptosomus_discolor
Nipponia_nippon
Nothoprocta_perdicaria
Opisthocomus_hoazin
Oxyura_jamaicensis
Pelecanus_crispus
Phaethon_lepturus
Phalacrocorax_carbo
Pterocles_gutturalis
Pygoscelis_adeliae
Rissa_tridactyla
Struthio_camelus
Tauraco_erythrolophus
Tinamus_guttatus
Tyto_alba
Anseranas_semipalmata
Anser_brachyrhynchus
Anser_indicus
Asarcornis_scutulata
Branta_canadensis
Buteo_japonicus
Cairina_moschata
Caprimulgus_carolinensis
Casuarius_casuarius
Chauna_torquata
Corythaeola_cristata
Cygnus_atratus
Falco_tinnunculus
Heteronetta_atricapilla
Mesitornis_unicolor
Nettapus_auritus
Oxyura_jamaicensis
Rhea_americana
Rhynochetos_jubatus
Spheniscus_demersus
Stictonetta_naevosa
