Elephas_maximus_indicus
Loxodonta_africana
Trichechus_manatus_latirostris
Orycteropus_afer_afer
Chrysochloris_asiatica
Elephantulus_edwardii
Echinops_telfairi
Pan_troglodytes
Gorilla_gorilla_gorilla
Pan_paniscus
Pongo_pygmaeus
Pongo_abelii
Homo_sapiens
Symphalangus_syndactylus
Hylobates_moloch
Nomascus_leucogenys
Chlorocebus_sabaeus
Mandrillus_leucophaeus
Papio_anubis
Theropithecus_gelada
Macaca_mulatta
Macaca_nemestrina
Macaca_thibetana_thibetana
Macaca_fascicularis
Trachypithecus_francoisi
Piliocolobus_tephrosceles
Colobus_angolensis_palliatus
Cercocebus_atys
Rhinopithecus_bieti
Rhinopithecus_roxellana
Callithrix_jacchus
Aotus_nancymaae
Sapajus_apella
Cebus_imitator
Saimiri_boliviensis_boliviensis
Carlito_syrichta
Propithecus_coquereli
Lemur_catta
Microcebus_murinus
Otolemur_garnettii
Nycticebus_coucang
Choloepus_didactylus
Mus_musculus
Mus_caroli
Mus_pahari
Apodemus_sylvaticus
Mastomys_coucha
Arvicanthis_niloticus
Grammomys_surdaster
Rattus_norvegicus
Rattus_rattus
Mesocricetus_auratus
Cricetulus_griseus
Phodopus_roborovskii
Peromyscus_maniculatus_bairdii
Peromyscus_californicus_insignis
Peromyscus_leucopus
Peromyscus_eremicus
Onychomys_torridus
Microtus_oregoni
Microtus_ochrogaster
Microtus_fortis
Chionomys_nivalis
Arvicola_amphibius
Psammomys_obesus
Meriones_unguiculatus
Acomys_russatus
Nannospalax_galili
Jaculus_jaculus
Castor_canadensis
Ochotona_curzoniae
Ochotona_princeps
Oryctolagus_cuniculus
Marmota_marmota_marmota
Marmota_flaviventris
Marmota_monax
Ictidomys_tridecemlineatus
Urocitellus_parryii
Sciurus_carolinensis
Galeopterus_variegatus
Bos_indicus_x_Bos_taurus
Bos_indicus
Bos_taurus
Bos_mutus
Bison_bison_bison
Bubalus_carabanensis
Bubalus_bubalis
Capra_hircus
Ovis_aries
Budorcas_taxicolor
Oryx_dammah
Moschus_berezovskii
Cervus_canadensis
Cervus_elaphus
Odocoileus_virginianus_texanus
Sus_scrofa
Phacochoerus_africanus
Neophocaena_asiaeorientalis_asiaeorientalis
Phocoena_sinus
Delphinapterus_leucas
Monodon_monoceros
Lagenorhynchus_albirostris
Delphinus_delphis
Lagenorhynchus_obliquidens
Tursiops_truncatus
Globicephala_melas
Orcinus_orca
Lipotes_vexillifer
Mesoplodon_densirostris
Kogia_breviceps
Physeter_catodon
Balaenoptera_ricei
Balaenoptera_acutorostrata
Balaenoptera_musculus
Camelus_ferus
Camelus_dromedarius
Camelus_bactrianus
Vicugna_pacos
Hippopotamus_amphibius_kiboko
Equus_caballus
Equus_asinus
Equus_quagga
Equus_przewalskii
Diceros_bicornis_minor
Ceratotherium_simum_simum
Manis_pentadactyla
Manis_javanica
Canis_lupus_familiaris
Canis_lupus_dingo
Vulpes_lagopus
Vulpes_vulpes
Nyctereutes_procyonoides
Mustela_putorius_furo
Mustela_nigripes
Mustela_lutreola
Mustela_erminea
Neogale_vison
Lutra_lutra
Enhydra_lutris_kenyoni
Lontra_canadensis
Meles_meles
Eumetopias_jubatus
Zalophus_californianus
Callorhinus_ursinus
Odobenus_rosmarus_divergens
Neomonachus_schauinslandi
Leptonychotes_weddellii
Halichoerus_grypus
Phoca_vitulina
Mirounga_leonina
Mirounga_angustirostris
Ursus_maritimus
Ursus_americanus
Ursus_arctos
Ailuropoda_melanoleuca
Acinonyx_jubatus
Leopardus_geoffroyi
Puma_yagouaroundi
Prionailurus_viverrinus
Felis_catus
Panthera_uncia
Panthera_leo
Panthera_pardus
Panthera_tigris
Panthera_onca
Puma_concolor
Lynx_rufus
Prionailurus_bengalensis
Lynx_canadensis
Neofelis_nebulosa
Hyaena_hyaena
Suricata_suricatta
Pteropus_vampyrus
Pteropus_giganteus
Rousettus_aegyptiacus
Rhinolophus_ferrumequinum
Hipposideros_armiger
Sorex_araneus
Sorex_fumeus
Suncus_etruscus
Condylura_cristata
Talpa_occidentalis
Sturnira_hondurensis
Artibeus_jamaicensis
Desmodus_rotundus
Phyllostomus_discolor
Phyllostomus_hastatus
Pteronotus_parnellii_mesoamericanus
Myotis_myotis
Myotis_daubentonii
Myotis_brandtii
Myotis_davidii
Myotis_lucifugus
Pipistrellus_kuhlii
Eptesicus_fuscus
Miniopterus_natalensis
Molossus_molossus
Tupaia_chinensis
Dasypus_novemcinctus
Erinaceus_europaeus
Perognathus_longimembris_pacificus
Dipodomys_spectabilis
Cavia_porcellus
Chinchilla_lanigera
Octodon_degus
Heterocephalus_glaber
Fukomys_damarensis
Gracilinanus_agilis
Monodelphis_domestica
Phascolarctos_cinereus
Vombatus_ursinus
Trichosurus_vulpecula
Dromiciops_gliroides
Antechinus_flavipes
Ornithorhynchus_anatinus
Tachyglossus_aculeatus
Haliaeetus_leucocephalus
Haliaeetus_albicilla
Accipiter_gentilis
Harpia_harpyja
Aquila_chrysaetos_chrysaetos
Cariama_cristata
Egretta_garzetta
Pterocles_gutturalis
Phaethon_lepturus
Tauraco_erythrolophus
Gymnogyps_californianus
Fulmarus_glacialis
Tyto_alba
Gavia_stellata
Opisthocomus_hoazin
Antrostomus_carolinensis
Phalacrocorax_carbo
Falco_biarmicus
Falco_cherrug
Falco_rusticolus
Falco_naumanni
Falco_peregrinus
Balearica_regulorum_gibbericeps
Grus_americana
Aptenodytes_forsteri
Pygoscelis_adeliae
Leptosomus_discolor
Nipponia_nippon
Athene_cunicularia
Pelecanus_crispus
Eurypyga_helias
Rissa_tridactyla
Calidris_pugnax
Charadrius_vociferus
Colius_striatus
Anser_cygnoides
Cygnus_olor
Oxyura_jamaicensis
Anas_platyrhynchos
Aythya_fuligula
Apteryx_mantelli_mantelli
Apteryx_rowi
Dromaius_novaehollandiae
Struthio_camelus_australis
Tinamus_guttatus
Nothoprocta_perdicaria
Caretta_caretta
Chelonia_mydas
Malaclemys_terrapin_pileata
Chrysemys_picta_bellii
Trachemys_scripta_elegans
Mauremys_reevesii
Mauremys_mutica
Gopherus_flavomarginatus
Gopherus_evgoodei
Chelonoidis_abingdonii
Pelodiscus_sinensis
Anolis_carolinensis
Anolis_sagrei_ordinatus
Sceloporus_undulatus
Pogona_vitticeps
Varanus_komodoensis
Thamnophis_sirtalis
Thamnophis_elegans
Ahaetulla_prasina
Protobothrops_mucrosquamatus
Crotalus_tigris
Python_bivittatus
Podarcis_muralis
Podarcis_raffonei
Lacerta_agilis
Zootoca_vivipara
Gekko_japonicus
Heteronotia_binoei
Euleptes_europaea
Eublepharis_macularius
Sphaerodactylus_townsendi
Hemicordylus_capensis
Hyla_sarda
Bufo_gargarizans
Spea_bombifrons
Bombina_bombina
Rhinatrema_bivittatum
Geotrypetes_seraphini
