Accipitriformes
Accipitriformes
Accipitriformes
Accipitriformes
Accipitriformes
Accipitriformes
Accipitriformes
Anseriformes
Anseriformes
Anseriformes
Anseriformes
Anseriformes
Anseriformes
Anseriformes
Anseriformes
Anseriformes
Anseriformes
Anseriformes
Anseriformes
Anseriformes
Anseriformes
Anseriformes
Anseriformes
Anseriformes
Anseriformes
Apodiformes
Apodiformes
Apodiformes
Apterygiformes
Apterygiformes
Bucerotiformes
Caprimulgiformes
Caprimulgiformes
Cariamiformes
Casuariiformes
Casuariiformes
Rheiformes
Struthioniformes
Charadriiformes
Charadriiformes
Charadriiformes
Coliiformes
Columbiformes
Coraciiformes
Cuculiformes
Eurypygiformes
Eurypygiformes
Falconiformes
Falconiformes
Falconiformes
Falconiformes
Falconiformes
Falconiformes
Galliformes
Galliformes
Galliformes
Galliformes
Galliformes
Galliformes
Galliformes
Galliformes
Galliformes
Galliformes
Galliformes
Galliformes
Galliformes
Galliformes
Galliformes
Galliformes
Galliformes
Galliformes
Galliformes
Galliformes
Galliformes
Galliformes
Gaviiformes
Gruiformes
Gruiformes
Leptosomiformes
Mesitornithiformes
Musophagiformes
Musophagiformes
Opisthocomiformes
Passeriformes
Passeriformes
Passeriformes
Passeriformes
Passeriformes
Passeriformes
Passeriformes
Passeriformes
Passeriformes
Passeriformes
Passeriformes
Passeriformes
Passeriformes
Passeriformes
Passeriformes
Passeriformes
Passeriformes
Passeriformes
Passeriformes
Passeriformes
Passeriformes
Pelecaniformes
Pelecaniformes
Pelecaniformes
Phaethontiformes
Piciformes
Procellariiformes
Psittaciformes
Psittaciformes
Psittaciformes
Pterocliformes
Sphenisciformes
Sphenisciformes
Sphenisciformes
Strigiformes
Strigiformes
Suliformes
Tinamiformes
Tinamiformes
Trogoniformes
